// Jest Snapshot v1, https://goo.gl/fbAQLP

exports[`<Textarea> should render with a value and label of Description 1`] = `
<div
  className="TextareaStyle__TextareaContainer-sc-1998n74-0 RSaAJ aries-textarea"
>
  <textarea
    aria-label="Description"
    className="TextareaStyle__TextareaInput-sc-1998n74-2 hNgSpA"
    onBlur={[Function]}
    onChange={[Function]}
    rows={4}
    style={
      Object {
        "maxHeight": "310px",
      }
    }
    value="Explanation"
  />
  <label
    className="TextareaStyle__TextareaLabel-sc-1998n74-1 kLOSMy"
    data-testid="textarea-label"
  >
    Description
  </label>
</div>
`;
