// Jest Snapshot v1, https://goo.gl/fbAQLP

exports[`<Modal> should render with a title, content, footer and an onClick handler 1`] = `
<div
  className="ModalStyle__ModalContainer-bg1vyz-0 Sicpi aries-modal"
  data-testid="modal-container"
  onClick={[Function]}
  onMouseDown={[Function]}
>
  <div
    className="ModalStyle__ModalDialog-bg1vyz-1 laMnvc modal-dialog"
  >
    <div
      aria-modal="true"
      className="ModalStyle__ModalContentArea-bg1vyz-2 fTzELd modal-content"
      data-testid="dialog"
      onClick={[Function]}
      role="dialog"
      tabIndex={0}
    >
      <header
        className="ModalStyle__ModalHeader-bg1vyz-3 gnyyew modal-header"
      >
        <h3>
          Modal Title
        </h3>
        <button
          aria-label="Close button"
          data-testid="close-button"
          onClick={[MockFunction]}
          type="button"
        >
          <svg
            className="IconStyle__VerticalCenteredSvg-x7d280-0 cJSNzi"
            data-testid="icon-svg"
            fill="grey"
            height="1em"
            viewBox="0 0 100 100"
            width="1em"
          >
            <path
              d="M100 10L90 0 50 40 10 0 0 10l40 40L0 90l10 10 40-40 40 40 10-10-40-40z"
            />
          </svg>
        </button>
      </header>
      <section
        className="ModalStyle__ModalBody-bg1vyz-4 hFySQU modal-body"
      >
        <p>
          Modal Content
        </p>
      </section>
      <footer
        className="ModalStyle__ModalFooter-bg1vyz-5 gIpemn modal-footer"
      >
        <button>
          Modal Footer
        </button>
      </footer>
    </div>
  </div>
</div>
`;
